ubuntu@ubuntu-virtual-machine:~$ sudo adduser manager
[sudo] password for ubuntu: 
Adding user `manager' ...
Adding new group `manager' (1001) ...
Adding new user `manager' (1001) with group `manager' ...
Creating home directory `/home/manager' ...
Copying files from `/etc/skel' ...
New password: 
BAD PASSWORD: The password is shorter than 8 characters
Retype new password: 
passwd: password updated successfully
Changing the user information for manager
Enter the new value, or press ENTER for the default
	Full Name []: 
	Room Number []: 
	Work Phone []: 
	Home Phone []: 
	Other []: 
Is the information correct? [Y/n] y
ubuntu@ubuntu-virtual-machine:~$ sudo adduser salesperson
Adding user `salesperson' ...
Adding new group `salesperson' (1002) ...
Adding new user `salesperson' (1002) with group `salesperson' ...
Creating home directory `/home/salesperson' ...
Copying files from `/etc/skel' ...
New password: 
BAD PASSWORD: The password contains the user name in some form
Retype new password: 
passwd: password updated successfully
Changing the user information for salesperson
Enter the new value, or press ENTER for the default
	Full Name []: 
	Room Number []: 
	Work Phone []: 
	Home Phone []: 
	Other []: 
Is the information correct? [Y/n] y
ubuntu@ubuntu-virtual-machine:~$ sudo adduser clientSupportIntern
adduser: Please enter a username matching the regular expression configured
via the NAME_REGEX[_SYSTEM] configuration variable.  Use the `--force-badname'
option to relax this check or reconfigure NAME_REGEX.
ubuntu@ubuntu-virtual-machine:~$ sudo adduser clientSupportIntern --force-badname
Allowing the use of a questionable username.
Adding user `clientSupportIntern' ...
Adding new group `clientSupportIntern' (1003) ...
Adding new user `clientSupportIntern' (1003) with group `clientSupportIntern' ...
Creating home directory `/home/clientSupportIntern' ...
Copying files from `/etc/skel' ...
New password: 
BAD PASSWORD: The password contains the user name in some form
Retype new password: 
passwd: password updated successfully
Changing the user information for clientSupportIntern
Enter the new value, or press ENTER for the default
	Full Name []: 
	Room Number []: 
	Work Phone []: 
	Home Phone []: 
	Other []: 
Is the information correct? [Y/n] y
ubuntu@ubuntu-virtual-machine:~$ sudo adduser techTeamIntern --force-badname
Allowing the use of a questionable username.
Adding user `techTeamIntern' ...
Adding new group `techTeamIntern' (1004) ...
Adding new user `techTeamIntern' (1004) with group `techTeamIntern' ...
Creating home directory `/home/techTeamIntern' ...
Copying files from `/etc/skel' ...
New password: 
BAD PASSWORD: The password contains the user name in some form
Retype new password: 
passwd: password updated successfully
Changing the user information for techTeamIntern
Enter the new value, or press ENTER for the default
	Full Name []: 
	Room Number []: 
	Work Phone []: 
	Home Phone []: 
	Other []: 
Is the information correct? [Y/n] y
ubuntu@ubuntu-virtual-machine:~$ sudo chage -E "1 year" salesperson
ubuntu@ubuntu-virtual-machine:~$ sudo chage -E "6 months" clientSupportIntern
ubuntu@ubuntu-virtual-machine:~$ sudo chage -E "6 months" techTeamIntern
ubuntu@ubuntu-virtual-machine:~$ sudo addgroup sharedGroup
addgroup: Please enter a username matching the regular expression configured
via the NAME_REGEX[_SYSTEM] configuration variable.  Use the `--force-badname'
option to relax this check or reconfigure NAME_REGEX.
ubuntu@ubuntu-virtual-machine:~$ sudo addgroup sharegroup
Adding group `sharegroup' (GID 1005) ...
Done.
ubuntu@ubuntu-virtual-machine:~$ sudo usermod -aG sharegroup manager
ubuntu@ubuntu-virtual-machine:~$ sudo usermod -aG sharegroup salesperson
ubuntu@ubuntu-virtual-machine:~$ sudo mkdir /srv/sharedirectory
ubuntu@ubuntu-virtual-machine:~$ sudo chown :sharegroup srv/sharedirectory
chown: cannot access 'srv/sharedirectory': No such file or directory
ubuntu@ubuntu-virtual-machine:~$ sudo chown :sharegroup /srv/sharedirectory
ubuntu@ubuntu-virtual-machine:~$ sudo chmod 770 /srv/sharedirectory

ubuntu@ubuntu-virtual-machine:~$ sudo apt install ecryptfs-utils cryptsetup
[sudo] password for ubuntu: 
Reading package lists... Done
Building dependency tree... Done
Reading state information... Done
The following additional packages will be installed:
  cryptsetup-bin cryptsetup-initramfs keyutils libecryptfs1 libtspi1
The following NEW packages will be installed:
  cryptsetup cryptsetup-bin cryptsetup-initramfs ecryptfs-utils keyutils
  libecryptfs1 libtspi1
0 upgraded, 7 newly installed, 0 to remove and 210 not upgraded.
Need to get 705 kB of archives.
After this operation, 2,558 kB of additional disk space will be used.
Do you want to continue? [Y/n] y
Get:1 http://ca.archive.ubuntu.com/ubuntu jammy-updates/main amd64 cryptsetup-bin amd64 2:2.4.3-1ubuntu1.1 [145 kB]
Get:2 http://ca.archive.ubuntu.com/ubuntu jammy-updates/main amd64 cryptsetup amd64 2:2.4.3-1ubuntu1.1 [193 kB]
Get:3 http://ca.archive.ubuntu.com/ubuntu jammy-updates/main amd64 cryptsetup-initramfs all 2:2.4.3-1ubuntu1.1 [26.1 kB]
Get:4 http://ca.archive.ubuntu.com/ubuntu jammy/universe amd64 libecryptfs1 amd64 111-5ubuntu1 [36.0 kB]
Get:5 http://ca.archive.ubuntu.com/ubuntu jammy/universe amd64 libtspi1 amd64 0.3.15-0.2 [160 kB]
Get:6 http://ca.archive.ubuntu.com/ubuntu jammy/main amd64 keyutils amd64 1.6.1-2ubuntu3 [50.4 kB]
Get:7 http://ca.archive.ubuntu.com/ubuntu jammy/universe amd64 ecryptfs-utils amd64 111-5ubuntu1 [93.6 kB]
Fetched 705 kB in 2s (402 kB/s)           
Preconfiguring packages ...
Selecting previously unselected package cryptsetup-bin.
(Reading database ... 177102 files and directories currently installed.)
Preparing to unpack .../0-cryptsetup-bin_2%3a2.4.3-1ubuntu1.1_amd64.deb ...
Unpacking cryptsetup-bin (2:2.4.3-1ubuntu1.1) ...
Selecting previously unselected package cryptsetup.
Preparing to unpack .../1-cryptsetup_2%3a2.4.3-1ubuntu1.1_amd64.deb ...
Unpacking cryptsetup (2:2.4.3-1ubuntu1.1) ...
Selecting previously unselected package cryptsetup-initramfs.
Preparing to unpack .../2-cryptsetup-initramfs_2%3a2.4.3-1ubuntu1.1_all.deb ...
Unpacking cryptsetup-initramfs (2:2.4.3-1ubuntu1.1) ...
Selecting previously unselected package libecryptfs1.
Preparing to unpack .../3-libecryptfs1_111-5ubuntu1_amd64.deb ...
Unpacking libecryptfs1 (111-5ubuntu1) ...
Selecting previously unselected package libtspi1.
Preparing to unpack .../4-libtspi1_0.3.15-0.2_amd64.deb ...
Unpacking libtspi1 (0.3.15-0.2) ...
Selecting previously unselected package keyutils.
Preparing to unpack .../5-keyutils_1.6.1-2ubuntu3_amd64.deb ...
Unpacking keyutils (1.6.1-2ubuntu3) ...
Selecting previously unselected package ecryptfs-utils.
Preparing to unpack .../6-ecryptfs-utils_111-5ubuntu1_amd64.deb ...
Unpacking ecryptfs-utils (111-5ubuntu1) ...
Setting up cryptsetup-bin (2:2.4.3-1ubuntu1.1) ...
Setting up libtspi1 (0.3.15-0.2) ...
Setting up libecryptfs1 (111-5ubuntu1) ...
Setting up cryptsetup (2:2.4.3-1ubuntu1.1) ...
Setting up keyutils (1.6.1-2ubuntu3) ...
Setting up cryptsetup-initramfs (2:2.4.3-1ubuntu1.1) ...
update-initramfs: deferring update (trigger activated)
Setting up ecryptfs-utils (111-5ubuntu1) ...
Processing triggers for libc-bin (2.35-0ubuntu3.1) ...
Processing triggers for man-db (2.10.2-1) ...
Processing triggers for initramfs-tools (0.140ubuntu13.1) ...
update-initramfs: Generating /boot/initrd.img-6.2.0-26-generic
ubuntu@ubuntu-virtual-machine:~$ 

